Testing SMTP Connection...
User: koushiksarkar741777@gmail.com
Attempting to verify connection...
node.exe : Γ¥î SMTP Connection 
failed:
At line:1 char:1
+ & "C:\nvm4w\nodejs/node.exe" 
"C:\nvm4w\nodejs/node_modules/n
pm/bin/np ...
+ ~~~~~~~~~~~~~~~~~~~~~~~~~~~~~
~~~~~~~~~~~~~~~~~~~~~~~~~~~~~~~
~~~~~~~~~
    + CategoryInfo          : 
NotSpecified:     (Γ¥î SMTP 
Connection failed::String) [   
 ], RemoteException
    + FullyQualifiedErrorId : 
NativeCommand    Error
 
Error Code: EAUTH
Response: 535-5.7.8 Username 
and Password not accepted. For 
more information, go to
535 5.7.8  https://support.goog
le.com/mail/?p=BadCredentials 9
8e67ed59e1d1-35b9d6fe68asm96545
8a91.6 - gsmtp
Response Code: 535

Full Error details: Invalid 
login: 535-5.7.8 Username and 
Password not accepted. For 
more information, go to
535 5.7.8  https://support.goog
le.com/mail/?p=BadCredentials 9
8e67ed59e1d1-35b9d6fe68asm96545
8a91.6 - gsmtp

≡ƒÆí Possible solutions:
1. Ensure 2-Step Verification is enabled on your Google account.
2. Generate a NEW App Password and use it in your .env file.
3. Remove spaces from the App Password in .env (e.g., 'abcd efgh ijkl mnop' -> 'abcdefghijklmnop').
4. Ensure MAIL_USER in .env matches the email that generated the App Password.
